SQL> create table owner ( user varchar2(10), table varchar2(10));
create table owner ( user varchar2(10), table varchar2(10))
                     *
ERROR at line 1:
ORA-00904: : invalid identifier 


SQL> create table owner (user varchar2(10), table varchar2(10));
create table owner (user varchar2(10), table varchar2(10))
                    *
ERROR at line 1:
ORA-00904: : invalid identifier 


SQL> create table owner (username varchar2(10), table varchar2(10));
create table owner (username varchar2(10), table varchar2(10))
                                           *
ERROR at line 1:
ORA-00904: : invalid identifier 


SQL> create table owner (username varchar2(10), tablename varchar2(10));

Table created.

SQL> desc owner;
 Name                                      Null?    Type
 ----------------------------------------- -------- ----------------------------
 USERNAME                                           VARCHAR2(10)
 TABLENAME                                          VARCHAR2(10)

SQL> create table alluser (username varchar2(10) primary key);

Table created.

SQL> desc alluser;
 Name                                      Null?    Type
 ----------------------------------------- -------- ----------------------------
 USERNAME                                  NOT NULL VARCHAR2(10)

SQL> alter table alluser add password varchar2(10);

Table altered.

SQL> desc alluser;
 Name                                      Null?    Type
 ----------------------------------------- -------- ----------------------------
 USERNAME                                  NOT NULL VARCHAR2(10)
 PASSWORD                                           VARCHAR2(10)

SQL> insert into alluser values ('asmac','asmac');

1 row created.

SQL> create table emps as select * from emp;

Table created.

SQL> select * from emp;

     EMPNO ENAME      JOB              MGR HIREDATE         SAL       COMM      
---------- ---------- --------- ---------- --------- ---------- ----------      
    DEPTNO                                                                      
----------                                                                      
      7369 SMITH      CLERK           7902 17-DEC-80        800                 
        20                                                                      
                                                                                
      7499 ALLEN      SALESMAN        7698 20-FEB-81       1600        300      
        30                                                                      
                                                                                
      7521 WARD       SALESMAN        7698 22-FEB-81       1250        500      
        30                                                                      
                                                                                

     EMPNO ENAME      JOB              MGR HIREDATE         SAL       COMM      
---------- ---------- --------- ---------- --------- ---------- ----------      
    DEPTNO                                                                      
----------                                                                      
      7566 JONES      MANAGER         7839 02-APR-81       2975                 
        20                                                                      
                                                                                
      7654 MARTIN     SALESMAN        7698 28-SEP-81       1250       1400      
        30                                                                      
                                                                                
      7698 BLAKE      MANAGER         7839 01-MAY-81       2850                 
        30                                                                      
                                                                                

     EMPNO ENAME      JOB              MGR HIREDATE         SAL       COMM      
---------- ---------- --------- ---------- --------- ---------- ----------      
    DEPTNO                                                                      
----------                                                                      
      7782 CLARK      MANAGER         7839 09-JUN-81       2450                 
        10                                                                      
                                                                                
      7788 SCOTT      ANALYST         7566 19-APR-87       3000                 
        20                                                                      
                                                                                
      7839 KING       PRESIDENT            17-NOV-81       5000                 
        10                                                                      
                                                                                

     EMPNO ENAME      JOB              MGR HIREDATE         SAL       COMM      
---------- ---------- --------- ---------- --------- ---------- ----------      
    DEPTNO                                                                      
----------                                                                      
      7844 TURNER     SALESMAN        7698 08-SEP-81       1500          0      
        30                                                                      
                                                                                
      7876 ADAMS      CLERK           7788 23-MAY-87       1100                 
        20                                                                      
                                                                                
      7900 JAMES      CLERK           7698 03-DEC-81        950                 
        30                                                                      
                                                                                

     EMPNO ENAME      JOB              MGR HIREDATE         SAL       COMM      
---------- ---------- --------- ---------- --------- ---------- ----------      
    DEPTNO                                                                      
----------                                                                      
      7902 FORD       ANALYST         7566 03-DEC-81       3000                 
        20                                                                      
                                                                                
      7934 MILLER     CLERK           7782 23-JAN-82       1300                 
        10                                                                      
                                                                                

14 rows selected.

SQL> set linesize 200;
SQL> select * from emp;

     EMPNO ENAME      JOB              MGR HIREDATE         SAL       COMM     DEPTNO                                                                                                                   
---------- ---------- --------- ---------- --------- ---------- ---------- ----------                                                                                                                   
      7369 SMITH      CLERK           7902 17-DEC-80        800                    20                                                                                                                   
      7499 ALLEN      SALESMAN        7698 20-FEB-81       1600        300         30                                                                                                                   
      7521 WARD       SALESMAN        7698 22-FEB-81       1250        500         30                                                                                                                   
      7566 JONES      MANAGER         7839 02-APR-81       2975                    20                                                                                                                   
      7654 MARTIN     SALESMAN        7698 28-SEP-81       1250       1400         30                                                                                                                   
      7698 BLAKE      MANAGER         7839 01-MAY-81       2850                    30                                                                                                                   
      7782 CLARK      MANAGER         7839 09-JUN-81       2450                    10                                                                                                                   
      7788 SCOTT      ANALYST         7566 19-APR-87       3000                    20                                                                                                                   
      7839 KING       PRESIDENT            17-NOV-81       5000                    10                                                                                                                   
      7844 TURNER     SALESMAN        7698 08-SEP-81       1500          0         30                                                                                                                   
      7876 ADAMS      CLERK           7788 23-MAY-87       1100                    20                                                                                                                   

     EMPNO ENAME      JOB              MGR HIREDATE         SAL       COMM     DEPTNO                                                                                                                   
---------- ---------- --------- ---------- --------- ---------- ---------- ----------                                                                                                                   
      7900 JAMES      CLERK           7698 03-DEC-81        950                    30                                                                                                                   
      7902 FORD       ANALYST         7566 03-DEC-81       3000                    20                                                                                                                   
      7934 MILLER     CLERK           7782 23-JAN-82       1300                    10                                                                                                                   

14 rows selected.

SQL> insert into owner values ('asmac','emps');

1 row created.

SQL> insert into owner values ('asmac','depts');

1 row created.

SQL> create table depts as select * from dept;

Table created.

SQL> select * from owner where username='asmac';

USERNAME   TABLENAME                                                                                                                                                                                    
---------- ----------                                                                                                                                                                                   
asmac      emps                                                                                                                                                                                         
asmac      depts                                                                                                                                                                                        

SQL> select tablename from owner where username='asmac';

TABLENAME                                                                                                                                                                                               
----------                                                                                                                                                                                              
emps                                                                                                                                                                                                    
depts                                                                                                                                                                                                   

SQL> select tablename from owner where username='asmac';

TABLENAME                                                                                                                                                                                               
----------                                                                                                                                                                                              
emps                                                                                                                                                                                                    
depts                                                                                                                                                                                                   

SQL> spool off;
